<testsuites id="" name="" tests="1" failures="0" skipped="0" errors="0" time="15.629991999999998">
<testsuite name="ExecuteTest.spec.js" timestamp="2025-01-06T12:10:05.297Z" hostname="chromium" tests="1" failures="0" skipped="0" time="12.719" errors="0">
<testcase name="Execute Test" classname="ExecuteTest.spec.js" time="12.719">
<system-out>
<![CDATA[Test script Done Successfully
]]>
</system-out>
</testcase>
</testsuite>
</testsuites>